# 安装
> **安装环境:Win10 64位**
> **软件版本:MySQL 5.7.24 解压版**

## 一、下载
https://downloads.mysql.com/archives/community/

## 三、配置
在`系统变量`中新建**MYSQL_HOME**
在`系统变量`中找到并**双击**`Path`，新建 **%MYSQL_HOME%\bin**


**如何验证是否添加成功？**
右键开始菜单(就是屏幕左下角)，选择`命令提示符(管理员)`，打开黑框，敲入`mysql`，回车。
如果提示`Can't connect to MySQL server on 'localhost'`则证明添加成功；
如果提示`mysql不是内部或外部命令，也不是可运行的程序或批处理文件`则表示添加添加失败，请重新检查步骤并重试。

### 2. 新建配置文件

新建一个文本文件，内容如下：

```properties
[mysql]
default-character-set=utf8

[mysqld]
character-set-server=utf8
default-storage-engine=INNODB
sql_mode=STRICT_TRANS_TABLES,NO_ZERO_IN_DATE,NO_ZERO_DATE,ERROR_FOR_DIVISION_BY_ZERO,NO_ENGINE_SUBSTITUTION
```

把上面的文本文件另存为，在保存类型里选`所有文件 (*.*)`，文件名叫`my.ini`，存放的路径为MySQL的`根目录`(例如我的是`D:\software\mysql_9.2`,根据自己的MySQL目录位置修改)。
上面代码意思就是配置数据库的默认编码集为utf-8和默认存储引擎为INNODB。

### 3. 初始化MySQL

在`C:\Windows\System32` 下以管理员方式运行 cmd.exe，敲入`mysqld --initialize-insecure`，回车，稍微等待一会，如果出现没有出现报错信息证明data目录初始化没有问题，此时再查看MySQL目录下已经有data目录生成。
```
mysqld --initialize-insecure
```
### 4. 注册MySQL服务

在黑框里敲入`mysqld -install`，回车。
```
mysqld -install
```
现在你的计算机上已经安装好了MySQL服务了。
可以通过在黑框里敲入`services.msc`查询计算机运行的服务。

### 5. 启动MySQL服务
在黑框里敲入`net start mysql`，回车。

```java
net start mysql  // 启动mysql服务
    
net stop mysql  // 停止mysql服务
```

### 6. 修改默认账户密码

在黑框里敲入`mysqladmin -u root password 1234`，这里的`1234`就是指默认管理员(即root账户)的密码，可以自行修改成你喜欢的。

```
mysqladmin -u root password 1234
```

**至此，MySQL 安装完毕！**

------

## 四、登录MySQL

右键开始菜单，选择`命令提示符`，打开黑框。
在黑框中输入，`mysql -uroot -p1234`，回车，出现下图且左下角为`mysql>`，则登录成功。

```
mysql -uroot -p1234
```
或者输入`mysql -uroot -p`，接着输入密码进行登录。

退出mysql：
```
exit
quit
```

登陆参数：

```
mysql -u用户名 -p密码 -h要连接的mysql服务器的ip地址(默认127.0.0.1) -P端口号(默认3306)
```
------

## 五、卸载MySQL

如果你想卸载MySQL，也很简单。

右键开始菜单，选择`命令提示符(管理员)`，打开黑框。

1. 敲入`net stop mysql`，回车。

```
net stop mysql
```

2. 再敲入`mysqld -remove mysql`，回车。

```
mysqld -remove mysql
```

3. 最后删除MySQL目录及相关的环境变量。

# 基础
**目标：**

> * 完成MySQL的安装及登陆基本操作
> * 能通过SQL对数据库进行CRUD
> * 能通过SQL对表进行CRUD
> * 能通过SQL对数据进行CRUD

## 1.数据库相关概念

以前我们做系统，数据持久化的存储采用的是文件存储。存储到文件中可以达到系统关闭数据不会丢失的效果，当然文件存储也有它的弊端。

假设在文件中存储以下的数据：

```
姓名	年龄	性别	住址
张三	23	男	北京西三旗
李四	24	女	北京西二旗
王五	25	男	西安软件新城
```

现要修改李四这条数据的性别数据改为男，我们现学习的IO技术可以通过将所有的数据读取到内存中，然后进行修改再存到该文件中。通过这种方式操作存在很大问题，现在只有三条数据，如果文件中存储1T的数据，那么就会发现内存根本就存储不了。

现需要既能持久化存储数据，也要能避免上述问题的技术使用在我们的系统中。数据库就是这样的一门技术。

### 1.1  数据库

* ==存储和管理数据的仓库，数据是有组织的进行存储。==

* 数据库英文名是 DataBase，简称DB。

数据库就是将数据存储在硬盘上，可以达到持久化存储的效果。那又是如何解决上述问题的？使用数据库管理系统。

### 1.2  数据库管理系统

* ==管理数据库的大型软件==
* 英文：DataBase Management System，简称 DBMS

在电脑上安装了数据库管理系统后，就可以通过数据库管理系统创建数据库来存储数据，也可以通过该系统对数据库中的数据进行数据的增删改查相关的操作。我们平时说的MySQL数据库其实是MySQL数据库管理系统。

![enter image description here](https://hengmaozhang.github.io/picx-images-hosting/image-20210721185923635.70ajrb9es9.webp)

通过上面的描述，大家应该已经知道了 `数据库管理系统` 和 `数据库` 的关系。那么有有哪些常见的数据库管理系统呢？

### 1.3  常见的数据库管理系统

![enter image description here](https://hengmaozhang.github.io/picx-images-hosting/image-20210721184354001.7zqn4hc5xy.webp)

接下来对上面列举的数据库管理系统进行简单的介绍：

* Oracle：收费的大型数据库，Oracle 公司的产品
* ==MySQL==： 开源免费的中小型数据库。后来 Sun公司收购了 MySQL，而 Sun 公司又被 Oracle 收购
* SQL Server：MicroSoft 公司收费的中型的数据库。C#、.net 等语言常使用
* PostgreSQL：开源免费中小型的数据库
* DB2：IBM 公司的大型收费数据库产品
* SQLite：嵌入式的微型数据库。如：作为 Android 内置数据库
* MariaDB：开源免费中小型的数据库

我们课程上学习的是MySQL数据库管理系统，PostgreSQL在一些公司也有使用，此时大家肯定会想以后在公司中如果使用我们没有学习过程的PostgreSQL数据库管理系统怎么办？这点大家大可不必担心。

我们可以通过数据库管理系统操作数据库，对数据库中的数据进行增删改查操作，而怎么样让用户跟数据库管理系统打交道呢？就可以通过一门编程语言（SQL）来实现。

### 1.4  SQL

* 英文：Structured Query Language，简称 SQL，结构化查询语言
* 操作关系型数据库的编程语言
* 定义操作所有关系型数据库的统一标准，可以使用SQL操作所有的关系型数据库管理系统，以后工作中如果使用到了其他的数据库管理系统，也同样的使用SQL来操作。




### 1.5  MySQL数据模型

**关系型数据库：**

> 关系型数据库是建立在关系模型基础上的数据库，简单说，关系型数据库是由多张能互相连接的 二维表 组成的数据库

接下来看关系型数据库的优点：

* 都是使用表结构，格式一致，易于维护。
* 使用通用的 SQL 语言操作，使用方便，可用于复杂查询。
  * 关系型数据库都可以通过SQL进行操作，所以使用方便。
  * 复杂查询。现在需要查询001号订单数据，我们可以看到该订单是1号客户的订单，而1号订单是李聪这个客户。以后也可以在一张表中进行统计分析等操作。
* 数据存储在磁盘中，安全。

**数据模型：**

我们可以在数据库安装目录下的data目录下看到多了一个 `db1` 的文件夹。所以，**在MySQL中一个数据库对应到磁盘上的一个文件夹。**

而一个数据库下可以创建多张表，我们到MySQL中自带的mysql数据库的文件夹目录下：

**小结：**

* MySQL中可以创建多个数据库，每个数据库对应到磁盘上的一个文件夹
* 在每个数据库中可以创建多个表，每张都对应到磁盘上一个 frm 文件
* 每张表可以存储多条数据，数据会被存储到磁盘中  MYD 文件中



## 2.SQL概述

了解了数据模型后，接下来我们就学习SQL语句，通过SQL语句对数据库、表、数据进行增删改查操作。 

### 2.1  SQL简介

* 英文：Structured Query Language，简称 SQL
* 结构化查询语言，一门操作关系型数据库的编程语言
* 定义操作所有关系型数据库的统一标准
* 对于同一个需求，每一种数据库操作的方式可能会存在一些不一样的地方，我们称为“方言”

### 2.2  通用语法

* SQL 语句可以单行或多行书写，以分号结尾。

* MySQL 数据库的 SQL 语句不区分大小写，关键字建议使用大写。

* 注释

  * 单行注释: -- 注释内容 或 #注释内容(MySQL 特有) 

    > 注意：使用-- 添加单行注释时，--后面一定要加空格，而#没有要求。

  * 多行注释: /* 注释 */

### 2.3  SQL分类

* DDL(Data Definition Language) ： 数据定义语言，用来定义数据库对象：数据库，表，列等

  DDL简单理解就是用来操作数据库，表等

* DML(Data Manipulation Language) 数据操作语言，用来对数据库中表的数据进行增删改

  DML简单理解就对表中数据进行增删改

* DQL(Data Query Language) 数据查询语言，用来查询数据库中表的记录(数据)

  DQL简单理解就是对数据进行查询操作。从数据库表中查询到我们想要的数据。

* DCL(Data Control Language) 数据控制语言，用来定义数据库的访问权限和安全级别，及创建用户

  DML简单理解就是对数据库进行权限控制。比如我让某一个数据库表只能让某一个用户进行操作等。

> 注意： 以后我们最常操作的是 `DML` 和 `DQL`  ，因为我们开发中最常操作的就是数据。

## 3.DDL:操作数据库

我们先来学习DDL来操作数据库。而操作数据库主要就是对数据库的增删查操作。

### 3.1  查询

查询所有的数据库

```sql
SHOW DATABASES;
```
```sql
mysql> show databases;
+--------------------+
| Database           |
+--------------------+
| information_schema |
| mysql              |
| performance_schema |
| sys                |
+--------------------+
4 rows in set (0.01 sec)
```
查询到的是的这些数据库是mysql安装好自带的数据库，不要操作这些数据库。

### 3.2  创建数据库

* **创建数据库**：

```sql
CREATE DATABASE 数据库名称;
```
```sql
mysql> create database db1;
Query OK, 1 row affected (0.02 sec)
```
而在创建数据库的时候，我并不知道db1数据库有没有创建，直接再次创建名为db1的数据库就会出现错误。
```sql
mysql> create database db1;
ERROR 1007 (HY000): Can't create database 'db1'; database exists
```

为了避免上面的错误，在创建数据库的时候先做判断，如果不存在再创建。

* **创建数据库(判断，如果不存在则创建)**

```sql
CREATE DATABASE IF NOT EXISTS 数据库名称;
```
```sql
mysql> create database if not exists db1;
Query OK, 1 row affected, 1 warning (0.01 sec)
```
从上面的效果可以看到虽然db1数据库已经存在，再创建db1也没有报错，而创建db2数据库则创建成功。

### 3.3  删除数据库

* **删除数据库**

```sql
DROP DATABASE 数据库名称;
```

* **删除数据库(判断，如果存在则删除)**

```sql
DROP DATABASE IF EXISTS 数据库名称;
```

### 3.4  使用数据库

数据库创建好了，要在数据库中创建表，得先明确在哪儿个数据库中操作，此时就需要使用数据库。

* **使用数据库**

```sql
USE 数据库名称;
```
```sql
mysql> use db1;
Database changed
```
* **查看当前使用的数据库**

```sql
SELECT DATABASE();
```
```sql
mysql> SELECT DATABASE();
+------------+
| DATABASE() |
+------------+
| db1        |
+------------+
1 row in set (0.00 sec)
```
## 4.DDL:操作表

操作表也就是对表进行增（Create）删（Retrieve）改（Update）查（Delete）。

### 4.1  查询表

* **查询当前数据库下所有表名称**

```sql
SHOW TABLES;
```
我们刚创建的数据库`db1`中没有任何表，执行上述语句查看：
```sql
mysql> SHOW TABLES;
Empty set (0.01 sec)
```

* **查询表结构**

```sql
DESC 表名称;
```

查看mysql数据库中func表的结构，运行语句如下：
```sql
mysql> desc func;
+-------+------------------------------+------+-----+---------+-------+
| Field | Type                         | Null | Key | Default | Extra |
+-------+------------------------------+------+-----+---------+-------+
| name  | char(64)                     | NO   | PRI |         |       |
| ret   | tinyint                      | NO   |     | 0       |       |
| dl    | char(128)                    | NO   |     |         |       |
| type  | enum('function','aggregate') | NO   |     | NULL    |       |
+-------+------------------------------+------+-----+---------+-------+
4 rows in set (0.00 sec)
```
### 4.2  创建表

* **创建表**

```sql
CREATE TABLE 表名 (
	字段名1  数据类型1,
	字段名2  数据类型2,
	…
	字段名n  数据类型n
);

```

> 注意：最后一行末尾，不能加逗号

示例：
```sql
mysql> create table tb_user (
    -> id int,
    -> username varchar(20),
    -> password varchar(32)
    -> );
Query OK, 0 rows affected (0.02 sec)
mysql> show tables;
+---------------+
| Tables_in_db1 |
+---------------+
| tb_user       |
+---------------+
1 row in set (0.00 sec)

mysql> desc tb_user;
+----------+-------------+------+-----+---------+-------+
| Field    | Type        | Null | Key | Default | Extra |
+----------+-------------+------+-----+---------+-------+
| id       | int         | YES  |     | NULL    |       |
| username | varchar(20) | YES  |     | NULL    |       |
| password | varchar(32) | YES  |     | NULL    |       |
+----------+-------------+------+-----+---------+-------+
3 rows in set (0.00 sec)
);
```

### 4.3  数据类型

MySQL 支持多种类型，可以分为三类：

* 数值

  ```sql
  tinyint : 小整数型，占一个字节
  int	： 大整数类型，占四个字节
  	eg ： age int
  double ： 浮点类型
  	使用格式： 字段名 double(总长度,小数点后保留的位数)
  	eg ： score double(5,2)   
  ```

* 日期

  ```sql
  date ： 日期值。只包含年月日
  	eg ：birthday date ： 
  datetime ： 混合日期和时间值。包含年月日时分秒
  ```

* 字符串

  ```sql
  char ： 定长字符串。
  	特点：存储性能高，浪费空间
  	eg ： name char(10)  如果存储的数据字符个数不足10个，也会占10个的空间
  varchar ： 变长字符串。
  	特点：存储性能低，节约空间
  	eg ： name varchar(10) 如果存储的数据字符个数不足10个，那就数据字符个数是几就占几个的空间	
  ```

> 注意：其他类型参考 MySQL数据类型].xlsx

**案例：**

```
需求：设计一张学生表，请注重数据类型、长度的合理性
	1. 编号
	2. 姓名，姓名最长不超过10个汉字
	3. 性别，因为取值只有两种可能，因此最多一个汉字
	4. 生日，取值为年月日
	5. 入学成绩，小数点后保留两位
	6. 邮件地址，最大长度不超过 64
	7. 家庭联系电话，不一定是手机号码，可能会出现 - 等字符
	8. 学生状态（用数字表示，正常、休学、毕业...）
```

语句设计如下：

```sql
create table student (
	id int,
    name varchar(10),
    gender char(1),
    birthday date,
    score double(5,2),
    email varchar(15),
    tel varchar(15),
    status tinyint
);
```

### 4.4  删除表

* **删除表**

```sql
DROP TABLE 表名;
```

* **删除表时判断表是否存在**

```sql
DROP TABLE IF EXISTS 表名;
```
### 4.5  修改表

* **修改表名**

```sql
ALTER TABLE 表名 RENAME TO 新的表名;

-- 将表名student修改为stu
alter table student rename to stu;
```

* **添加一列**

```sql
ALTER TABLE 表名 ADD 列名 数据类型;

-- 给stu表添加一列address，该字段类型是varchar(50)
alter table stu add address varchar(50);
```

* **修改数据类型**

```sql
ALTER TABLE 表名 MODIFY 列名 新数据类型;

-- 将stu表中的address字段的类型改为 char(50)
alter table stu modify address char(50);
```

* **修改列名和数据类型**

```sql
ALTER TABLE 表名 CHANGE 列名 新列名 新数据类型;

-- 将stu表中的address字段名改为 addr，类型改为varchar(50)
alter table stu change address addr varchar(50);
```

* **删除列**

```sql
ALTER TABLE 表名 DROP 列名;

-- 将stu表中的addr字段 删除
alter table stu drop addr;
```



## 5.navicat使用

通过上面的学习，我们发现在命令行中写sql语句特别不方便，尤其是编写创建表的语句，我们只能在记事本上写好后直接复制到命令行进行执行。那么有没有刚好的工具提供给我们进行使用呢？ 有。

### 5.1  navicat概述

* Navicat for MySQL 是管理和开发 MySQL 或 MariaDB 的理想解决方案。
* 这套全面的前端工具为数据库管理、开发和维护提供了一款直观而强大的图形界面。
* 官网： [http://www.navicat.com.cn](http://www.navicat.com.cn/) 

### 5.2  navicat安装

参考 : 资料\navicat安装包\navicat_mysql_x86\navicat安装步骤.md

## 6.DML

DML主要是对数据进行增（insert）删（delete）改（update）操作。

### 6.1  添加数据

* **给指定列添加数据**

```sql
INSERT INTO 表名(列名1,列名2,…) VALUES(值1,值2,…);
```

* **给全部列添加数据**

```sql
INSERT INTO 表名 VALUES(值1,值2,…);
```

* **批量添加数据**

```sql
INSERT INTO 表名(列名1,列名2,…) VALUES(值1,值2,…),(值1,值2,…),(值1,值2,…)…;
INSERT INTO 表名 VALUES(值1,值2,…),(值1,值2,…),(值1,值2,…)…;
```



* **练习**
```sql
select * from stu;
-- 给指定列添加数据
INSERT INTO stu (id, NAME) VALUES (1, '张三');
-- 给所有列添加数据，列名的列表可以省略的
INSERT INTO stu (id,NAME,sex,birthday,score,email,tel,STATUS) VALUES (2,'李四','男','1999-11-11',88.88,'lisi@itcast.cn','13888888888',1);

INSERT INTO stu VALUES (2,'李四','男','1999-11-11',88.88,'lisi@itcast.cn','13888888888',1);

-- 批量添加数据
INSERT INTO stu VALUES 
	(2,'李四','男','1999-11-11',88.88,'lisi@itcast.cn','13888888888',1),
	(2,'李四','男','1999-11-11',88.88,'lisi@itcast.cn','13888888888',1),
	(2,'李四','男','1999-11-11',88.88,'lisi@itcast.cn','13888888888',1);
```



### 6.2  修改数据

* **修改表数据**

```sql
UPDATE 表名 SET 列名1=值1,列名2=值2,… [WHERE 条件] ;
```

> 注意：
>
> 1. 修改语句中如果不加条件，则将所有数据都修改！
> 2. 像上面的语句中的中括号，表示在写sql语句中可以省略这部分



* **练习**

  *  将张三的性别改为女

    ```sql
    update stu set sex = '女' where name = '张三';
    ```

  * 将张三的生日改为 1999-12-12 分数改为99.99

    ```sql
    update stu set birthday = '1999-12-12', score = 99.99 where name = '张三';
    ```

  * 注意：如果update语句没有加where条件，则会将表中所有数据全部修改！

    ```sql
    update stu set sex = '女';
    ```


### 6.3  删除数据

* **删除数据**

```sql
DELETE FROM 表名 [WHERE 条件] ;
```

* **练习**

```sql
-- 删除张三记录
delete from stu where name = '张三';

-- 删除stu表中所有的数据
delete from stu;
```



## 7.DQL

```sql
SELECT 
    字段列表
FROM 
    表名列表 
WHERE 
    条件列表
GROUP BY
    分组字段
HAVING
    分组后条件
ORDER BY
    排序字段
LIMIT
    分页限定
```

为了演示查询的语句，我们需要先准备表及一些数据：

```sql
-- 删除stu表
drop table if exists stu;


-- 创建stu表
CREATE TABLE stu (
 id int, -- 编号
 name varchar(20), -- 姓名
 age int, -- 年龄
 sex varchar(5), -- 性别
 address varchar(100), -- 地址
 math double(5,2), -- 数学成绩
 english double(5,2), -- 英语成绩
 hire_date date -- 入学时间
);

-- 添加数据
INSERT INTO stu(id,NAME,age,sex,address,math,english,hire_date) 
VALUES 
(1,'马运',55,'男','杭州',66,78,'1995-09-01'),
(2,'马花疼',45,'女','深圳',98,87,'1998-09-01'),
(3,'马斯克',55,'男','香港',56,77,'1999-09-02'),
(4,'柳白',20,'女','湖南',76,65,'1997-09-05'),
(5,'柳青',20,'男','湖南',86,NULL,'1998-09-01'),
(6,'刘德花',57,'男','香港',99,99,'1998-09-01'),
(7,'张学右',22,'女','香港',99,99,'1998-09-01'),
(8,'德玛西亚',18,'男','南京',56,65,'1994-09-02');
```

### 7.1  基础查询

* **查询多个字段**

```sql
SELECT 字段列表 FROM 表名;
SELECT * FROM 表名; -- 查询所有数据，实际开发不要使用*
```

* **去除重复记录**

```sql
SELECT DISTINCT 字段列表 FROM 表名;
```

* **起别名**

```sql
AS: AS 也可以省略
```
```sql
select name,math as 数学成绩,english as 英文成绩 from stu;
select name,math 数学成绩,english 英文成绩 from stu;
```


### 7.2  条件查询

#### 7.2.1  语法

```sql
SELECT 字段列表 FROM 表名 WHERE 条件列表;
```

* **条件**

条件列表可以使用以下运算符
| 符号            | 功能                             |
|-----------------|----------------------------------|
| >               | 大于                             |
| <               | 小于                             |
| >=              | 大于等于                         |
| <=              | 小于等于                         |
| =               | 等于                             |
| <> 或 !=        | 不等于                           |
| BETWEEN ... AND ... | 在某个范围之内（都包含）    |
| IN(...)         | 多选一                           |
| LIKE 占位符     | 模糊查询 `_`单个任意字符 `%`多个任意字符 |
| IS NULL         | 是 NULL                          |
| IS NOT NULL     | 不是 NULL                        |
| AND 或 &&       | 并且                             |
| OR 或 \|\|      | 或者                             |
| NOT 或 !        | 非，不是                         |

#### 7.2.2  条件查询练习

* 查询年龄大于20岁的学员信息

  ```sql
  select * from stu where age > 20;
  ```

* 查询年龄大于等于20岁的学员信息

  ```sql
  select * from stu where age >= 20;
  ```

* 查询年龄大于等于20岁 并且 年龄 小于等于 30岁 的学员信息

  ```sql
  select * from stu where age >= 20 &&  age <= 30;
  select * from stu where age >= 20 and age <= 30;
  ```

  > 上面语句中 &&  和  and  都表示并且的意思。建议使用 and 。
  > 也可以使用  between ... and 来实现上面需求

  ```sql
  select * from stu where age BETWEEN 20 and 30;
  ```

* 查询入学日期在'1998-09-01' 到 '1999-09-01'  之间的学员信息

  ```sql
  select * from stu where hire_date BETWEEN '1998-09-01' and '1999-09-01';
  ```

* 查询年龄等于18岁的学员信息

  ```sql
  select * from stu where age = 18;
  ```

* 查询年龄不等于18岁的学员信息

  ```sql
  select * from stu where age != 18;
  select * from stu where age <> 18;
  ```

* 查询年龄等于18岁 或者 年龄等于20岁 或者 年龄等于22岁的学员信息

  ```sql
  select * from stu where age = 18 or age = 20 or age = 22;
  select * from stu where age in (18,20,22);
  ```

* 查询英语成绩为 null的学员信息

  null值的比较不能使用 =  或者 != ，需要使用 is 或者 is not

  ```sql
  select * from stu where english = null; -- 这个语句是不行的
  select * from stu where english is null;
  select * from stu where english is not null;
  ```

#### 7.2.3  模糊查询练习

> 模糊查询使用like关键字，可以使用通配符进行占位:
> （1）_ : 代表单个任意字符
> （2）% : 代表任意个数字符

* 查询姓'马'的学员信息

  ```sql
  select * from stu where name like '马%';
  ```

* 查询第二个字是'花'的学员信息  

  ```sql
  select * from stu where name like '_花%';
  ```

* 查询名字中包含 '德' 的学员信息

  ```sql
  select * from stu where name like '%德%';
  ```

  

### 7.3  排序查询

#### 7.3.1  语法

```sql
SELECT 字段列表 FROM 表名 ORDER BY 排序字段名1 排序方式1,排序字段名2 排序方式2 …;
```

上述语句中的排序方式有两种，分别是：

* ASC ： 升序排列 **（默认值）**
* DESC ： 降序排列

> 注意：如果有多个排序条件，当前边的条件值一样时，才会根据第二条件进行排序



#### 7.3.2  练习

* 查询学生信息，按照年龄升序排列 

  ```sql
  select * from stu order by age ;
  ```

* 查询学生信息，按照数学成绩降序排列

  ```sql
  select * from stu order by math desc ;
  ```

* 查询学生信息，按照数学成绩降序排列，如果数学成绩一样，再按照英语成绩升序排列

  ```sql
  select * from stu order by math desc , english asc ;
  ```

  

### 7.4  聚合函数

#### 7.4.1  概念

 ==将一列数据作为一个整体，进行纵向计算。==

#### 7.4.2  聚合函数分类

| 函数名      | 功能                             |
| ----------- | -------------------------------- |
| count(列名) | 统计数量（一般选用不为null的列） |
| max(列名)   | 最大值                           |
| min(列名)   | 最小值                           |
| sum(列名)   | 求和                             |
| avg(列名)   | 平均值                           |

#### 7.4.3  聚合函数语法

```sql
SELECT 聚合函数名(列名) FROM 表;
```

> 注意：null 值不参与所有聚合函数运算



#### 7.4.4  练习

* 统计班级一共有多少个学生

  ```sql
  select count(id) from stu;
  select count(english) from stu;
  ```

  上面语句根据某个字段进行统计，如果该字段某一行的值为null的话，将不会被统计。所以可以在count(*) 来实现。\* 表示所有字段数据，一行中也不可能所有的数据都为null，所以建议使用 **count(\*)或者count(主键)**

  ```sql
  select count(*) from stu;
  ```

* 查询数学成绩的最高分

  ```sql
  select max(math) from stu;
  ```

* 查询数学成绩的最低分

  ```sql
  select min(math) from stu;
  ```

* 查询数学成绩的总分

  ```sql
  select sum(math) from stu;
  ```

* 查询数学成绩的平均分

  ```sql
  select avg(math) from stu;
  ```

* 查询英语成绩的最低分

  ```sql
  select min(english) from stu;
  ```

  

### 7.5  分组查询

#### 7.5.1  语法

```sql
SELECT 字段列表 FROM 表名 [WHERE 分组前条件限定] GROUP BY 分组字段名 [HAVING 分组后条件过滤];
-[]表示可省略-
```

> 注意：分组之后，查询的字段为聚合函数和分组字段，查询其他字段无任何意义



#### 7.5.2  练习

* 查询男同学和女同学各自的数学平均分

  ```sql
  select sex, avg(math) from stu group by sex;
  ```

  > 注意：分组之后，查询的字段为聚合函数和分组字段，查询其他字段无任何意义

  ```sql
  select name, sex, avg(math) from stu group by sex;  -- 这里查询name字段就没有任何意义
  ```

* 查询男同学和女同学各自的数学平均分，以及各自人数

  ```sql
  select sex, avg(math),count(*) from stu group by sex;
  ```

* 查询男同学和女同学各自的数学平均分，以及各自人数，要求：分数低于70分的不参与分组

  ```sql
  select sex, avg(math),count(*) from stu where math > 70 group by sex;
  ```

* 查询男同学和女同学各自的数学平均分，以及各自人数，要求：分数低于70分的不参与分组，分组之后人数大于2个的

  ```sql
  select sex, avg(math),count(*) from stu where math > 70 group by sex having count(*)  > 2;
  ```

  

**where 和 having 区别：**

* 执行时机不一样：where 是分组之前进行限定，不满足where条件，则不参与分组，而having是分组之后对结果进行过滤。

* 可判断的条件不一样：where 不能对聚合函数进行判断，having 可以。
* 执行顺序：where > 聚合函数 > having



### 7.6  分页查询


#### 7.6.1  语法

```sql
SELECT 字段列表 FROM 表名 LIMIT 起始索引 , 查询条目数;
```

> 注意： 上述语句中的起始索引是从0开始

#### 7.6.2  练习

* 从0开始查询，查询3条数据

  ```sql
  select * from stu limit 0 , 3;
  ```

* 每页显示3条数据，查询第1页数据

  ```sql
  select * from stu limit 0 , 3;
  ```

* 每页显示3条数据，查询第2页数据

  ```sql
  select * from stu limit 3 , 3;
  ```

* 每页显示3条数据，查询第3页数据

  ```sql
  select * from stu limit 6 , 3;
  ```

从上面的练习推导出起始索引计算公式：

```sql
起始索引 = (当前页码 - 1) * 每页显示的条数
```
Tips：
* 分页查询limit是MySQL数据库的方言 
* Oracle分页查询使用rownumber 
* SQLServer分页查询使用top

# 高级
**目标**
> * 掌握约束的使用
> * 掌握表关系及建表原则
> * 重点掌握多表查询操作
> * 掌握事务操作

## 1.约束

### 1.1  概念

* 约束是作用于表中列上的规则，用于限制加入表的数据

  例如：我们可以给id列加约束，让其值不能重复，不能为null值。

* 约束的存在保证了数据库中数据的正确性、有效性和完整性

  添加约束可以在添加数据的时候就限制不正确的数据，年龄是3000，数学成绩是-5分这样无效的数据，继而保障数据的完整性。

### 1.2  分类
| 约束名称    | 描述                                                                 | 关键字        |
|-------------|----------------------------------------------------------------------|---------------|
| 非空约束    | 保证列中所有数据不能有null值                                         | `NOT NULL`    |
| 唯一约束    | 保证列中所有数据各不相同                                             | `UNIQUE`      |
| 主键约束    | 主键是一个数据的唯一标识，要求非空且唯一                             | `PRIMARY KEY` |
| 检查约束    | 保证列中的值满足某一条件(MYSQL不支持)                                             | `CHECK`       |
| 默认约束    | 保存数据时，未指定值则采用默认值                                     | `DEFAULT`     |
| 外键约束    | 外键用来让两个表的数据之间建立链接，保证数据的一致性和完整性         | `FOREIGN KEY` |


### 1.3  非空约束

* 概念

  非空约束用于保证列中所有数据不能有NULL值

* 语法

  * 添加约束

    ```sql
    -- 创建表时添加非空约束
    CREATE TABLE 表名(
       列名 数据类型 NOT NULL,
       …
    ); 
    
    ```

    ```sql
    -- 建完表后添加非空约束
    ALTER TABLE 表名 MODIFY 字段名 数据类型 NOT NULL;
    ```

  * 删除约束

    ```sql
    ALTER TABLE 表名 MODIFY 字段名 数据类型;
    ```

### 1.4  唯一约束

* 概念

  唯一约束用于保证列中所有数据各不相同

* 语法

  * 添加约束

    ```sql
    -- 创建表时添加唯一约束
    CREATE TABLE 表名(
       列名 数据类型 UNIQUE [AUTO_INCREMENT],
       -- AUTO_INCREMENT: 当不指定值时自动增长
       …
    ); 
    CREATE TABLE 表名(
       列名 数据类型,
       …
       [CONSTRAINT] [约束名称] UNIQUE(列名)
    ); 
    ```

    ```sql
    -- 建完表后添加唯一约束
    ALTER TABLE 表名 MODIFY 字段名 数据类型 UNIQUE;
    ```

  * 删除约束

    ```sql
    ALTER TABLE 表名 DROP INDEX 字段名;
    ```

### 1.5  主键约束

* 概念

  主键是一行数据的唯一标识，要求非空且唯一

  一张表只能有一个主键

* 语法

  * 添加约束

    ```sql
    -- 创建表时添加主键约束
    CREATE TABLE 表名(
       列名 数据类型 PRIMARY KEY [AUTO_INCREMENT],
       …
    ); 
    CREATE TABLE 表名(
       列名 数据类型,
       [CONSTRAINT] [约束名称] PRIMARY KEY(列名)
    ); 
    
    ```

    ```sql
    -- 建完表后添加主键约束
    ALTER TABLE 表名 ADD PRIMARY KEY(字段名);
    ```

  * 删除约束

    ```sql
    ALTER TABLE 表名 DROP PRIMARY KEY;
    ```

### 1.6  默认约束

* 概念

  保存数据时，未指定值则采用默认值

* 语法

  * 添加约束

    ```sql
    -- 创建表时添加默认约束
    CREATE TABLE 表名(
       列名 数据类型 DEFAULT 默认值,
       …
    ); 
    ```

    ```sql
    -- 建完表后添加默认约束
    ALTER TABLE 表名 ALTER 列名 SET DEFAULT 默认值;
    ```

  * 删除约束

    ```sql
    ALTER TABLE 表名 ALTER 列名 DROP DEFAULT;
    ```

### 1.7  约束练习

**根据需求，为表添加合适的约束**

```sql
-- 员工表
CREATE TABLE emp (
	id INT,  -- 员工id，主键且自增长
    ename VARCHAR(50), -- 员工姓名，非空且唯一
    joindate DATE,  -- 入职日期，非空
    salary DOUBLE(7,2),  -- 工资，非空
    bonus DOUBLE(7,2)  -- 奖金，如果没有将近默认为0
);
```

上面一定给出了具体的要求，我们可以根据要求创建这张表，并为每一列添加对应的约束。建表语句如下：

```sql
DROP TABLE IF EXISTS emp;

-- 员工表
CREATE TABLE emp (
  id INT PRIMARY KEY, -- 员工id，主键且自增长
  ename VARCHAR(50) NOT NULL UNIQUE, -- 员工姓名，非空并且唯一
  joindate DATE NOT NULL , -- 入职日期，非空
  salary DOUBLE(7,2) NOT NULL , -- 工资，非空
  bonus DOUBLE(7,2) DEFAULT 0 -- 奖金，如果没有奖金默认为0
);
```

通过上面语句可以创建带有约束的 `emp` 表，约束能不能发挥作用呢。接下来我们一一进行验证，先添加一条没有问题的数据

```sql
INSERT INTO emp(id,ename,joindate,salary,bonus) values(1,'张三','1999-11-11',8800,5000);
```

* **验证主键约束，非空且唯一**

```sql
INSERT INTO emp(id,ename,joindate,salary,bonus) values(null,'张三','1999-11-11',8800,5000);
```
字段 `id` 不能为null。那我们重新添加一条数据，如下：

```sql
INSERT INTO emp(id,ename,joindate,salary,bonus) values(1,'张三','1999-11-11',8800,5000);
```

```sql
INSERT INTO emp(id,ename,joindate,salary,bonus) values(2,'李四','1999-11-11',8800,5000);
```

* **验证非空约束**

```sql
INSERT INTO emp(id,ename,joindate,salary,bonus) values(3,null,'1999-11-11',8800,5000);
```

* **验证唯一约束**

```sql
INSERT INTO emp(id,ename,joindate,salary,bonus) values(3,'李四','1999-11-11',8800,5000);
```

* **验证默认约束**

```sql
INSERT INTO emp(id,ename,joindate,salary) values(3,'王五','1999-11-11',8800);
```

==注意：默认约束只有在不给值时才会采用默认值。如果给了null，那值就是null值。==

如下：

```sql
INSERT INTO emp(id,ename,joindate,salary,bonus) values(4,'赵六','1999-11-11',8800,null);
```

* **验证自动增长： auto_increment  当列是数字类型 并且唯一约束**

重新创建 `emp` 表，并给id列添加自动增长

```sql
-- 员工表
CREATE TABLE emp (
  id INT PRIMARY KEY auto_increment, -- 员工id，主键且自增长
  ename VARCHAR(50) NOT NULL UNIQUE, -- 员工姓名，非空并且唯一
  joindate DATE NOT NULL , -- 入职日期，非空
  salary DOUBLE(7,2) NOT NULL , -- 工资，非空
  bonus DOUBLE(7,2) DEFAULT 0 -- 奖金，如果没有奖金默认为0
);
```
接下来给emp添加数据，分别验证不给id列添加值以及给id列添加null值，id列的值会不会自动增长：
```sql
INSERT INTO emp(ename,joindate,salary,bonus) values('赵六','1999-11-11',8800,null);
INSERT INTO emp(id,ename,joindate,salary,bonus) values(null,'赵六2','1999-11-11',8800,null);
INSERT INTO emp(id,ename,joindate,salary,bonus) values(null,'赵六3','1999-11-11',8800,null);
```

### 1.8  外键约束

#### 1.8.1  语法

* 添加外键约束

```sql
-- 创建表时添加外键约束
CREATE TABLE 表名(
   列名 数据类型,
   …
   [CONSTRAINT] [外键名称] FOREIGN KEY(外键列名) REFERENCES 主表(主表列名) 
); 
```

```sql
-- 建完表后添加外键约束
ALTER TABLE 表名 ADD CONSTRAINT 外键名称 FOREIGN KEY (外键字段名称) REFERENCES 主表名称(主表列名称);
```

* 删除外键约束

```sql
ALTER TABLE 表名 DROP FOREIGN KEY 外键名称;
```



#### 1.8.2  练习

根据上述语法创建员工表和部门表，并添加上外键约束：

```sql
-- 删除表
DROP TABLE IF EXISTS emp;
DROP TABLE IF EXISTS dept;

-- 部门表
CREATE TABLE dept(
	id int primary key auto_increment,
	dep_name varchar(20),
	addr varchar(20)
);
-- 员工表 
CREATE TABLE emp(
	id int primary key auto_increment,
	name varchar(20),
	age int,
	dep_id int,

	-- 添加外键 dep_id,关联 dept 表的id主键
	CONSTRAINT fk_emp_dept FOREIGN KEY(dep_id) REFERENCES dept(id)	
);
```

添加数据

```sql
-- 添加 2 个部门
insert into dept(dep_name,addr) values
('研发部','广州'),('销售部', '深圳');

-- 添加员工,dep_id 表示员工所在的部门
INSERT INTO emp (NAME, age, dep_id) VALUES 
('张三', 20, 1),
('李四', 20, 1),
('王五', 20, 1),
('赵六', 20, 2),
('孙七', 22, 2),
('周八', 18, 2);
```

此时删除 `研发部` 这条数据，会发现无法删除。只有把研发部所有的部员删除后才能删除研发部。

删除外键

```sql
alter table emp drop FOREIGN key fk_emp_dept;
```

重新添加外键

```sql
alter table emp add CONSTRAINT fk_emp_dept FOREIGN key(dep_id) REFERENCES dept(id);
```



## 2.数据库设计

### 2.1  数据库设计简介

* 软件的研发步骤
![enter image description here](https://hengmaozhang.github.io/picx-images-hosting/image.2obqlfp11o.webp)
* 数据库设计概念
  * 数据库设计就是根据业务系统的具体需求，结合我们所选用的DBMS，为这个业务系统构造出最优的数据存储模型。
  * 建立数据库中的==表结构==以及==表与表之间的关联关系==的过程。
  * 有哪些表？表里有哪些字段？表和表之间有什么关系？

* 数据库设计的步骤

  * 需求分析（数据是什么? 数据具有哪些属性? 数据与属性的特点是什么）

  * 逻辑分析（通过ER图对数据库进行逻辑建模，不需要考虑我们所选用的数据库管理系统）

  * 物理设计（根据数据库自身的特点把逻辑设计转换为物理设计）

  * 维护设计（1.对新的需求进行建表；2.表优化）

* 表关系

  * 一对一

    * 如：用户简要信息 和 用户详情信息
    * 一对一关系多用于表拆分，将一个实体中经常使用的字段放一张表，不经常使用的字段放另一张表，用于提升查询性能

  * 一对多

    * 如：部门 和 员工

    * 一个部门对应多个员工，一个员工对应一个部门。
  * 多对多

    * 如：商品 和 订单

    * 一个商品对应多个订单，一个订单包含多个商品。

### 2.2  表关系(一对多)

* 一对多

  * 如：部门 和 员工
  * 一个部门对应多个员工，一个员工对应一个部门。

* 实现方式

  ==在多的一方建立外键，指向一的一方的主键==

### 2.3  表关系(多对多)

* 多对多
  * 如：商品 和 订单
  * 一个商品对应多个订单，一个订单包含多个商品

* 实现方式

  ==建立第三张中间表，中间表至少包含两个外键，分别关联两方主键==

* 案例

  我们以 `订单表` 和 `商品表` 举例：经过分析发现，订单表和商品表都属于多的一方，此时需要创建一个中间表，在中间表中添加订单表的外键和商品表的外键指向两张表的主键：

![enter image description here](https://hengmaozhang.github.io/picx-images-hosting/image.lvxxe040l.webp)

  建表语句如下：

  ```sql
  -- 删除表
  DROP TABLE IF EXISTS tb_order_goods;
  DROP TABLE IF EXISTS tb_order;
  DROP TABLE IF EXISTS tb_goods;
  
  -- 订单表
  CREATE TABLE tb_order(
  	id int primary key auto_increment,
  	payment double(10,2),
  	payment_type TINYINT,
  	status TINYINT
  );
  
  -- 商品表
  CREATE TABLE tb_goods(
  	id int primary key auto_increment,
  	title varchar(100),
  	price double(10,2)
  );
  
  -- 订单商品中间表
  CREATE TABLE tb_order_goods(
  	id int primary key auto_increment,
  	order_id int,
  	goods_id int,
  	count int
  );
  
  -- 建完表后，添加外键
  alter table tb_order_goods add CONSTRAINT fk_order_id FOREIGN key(order_id) REFERENCES tb_order(id);
  alter table tb_order_goods add CONSTRAINT fk_goods_id FOREIGN key(goods_id) REFERENCES tb_goods(id);
  ```

### 2.4  表关系(一对一)

* 一对一
  * 如：用户 和 用户详情
  * 一对一关系多用于表拆分，将一个实体中经常使用的字段放一张表，不经常使用的字段放另一张表，用于提升查询性能

* 实现方式

  ==在任意一方加入外键，关联另一方主键，并且设置外键为唯一(UNIQUE)==

* 案例

  我们以 `用户表` 举例：在真正使用过程中发现 id、photo、nickname、age、gender 字段比较常用，此时就可以将这张表查分成两张表。

![enter image description here](https://hengmaozhang.github.io/picx-images-hosting/image.51ed2ng1je.webp)
​
​	建表语句如下：

```sql
create table tb_user_desc (
	id int primary key auto_increment,
	city varchar(20),
	edu varchar(10),
	income int,
	status char(2),
	des varchar(100)
);

create table tb_user (
	id int primary key auto_increment,
	photo varchar(100),
	nickname varchar(50),
	age int,
	gender char(1),
	desc_id int unique,
	-- 添加外键
	CONSTRAINT fk_user_desc FOREIGN KEY(desc_id) REFERENCES tb_user_desc(id)	
);
```

## 3.多表查询

* 连接查询
  * 内连接查询 ：相当于查询AB交集数据
  * 外连接查询
    * 左外连接查询 ：相当于查询A表所有数据和交集部门数据
    * 右外连接查询 ： 相当于查询B表所有数据和交集部分数据

* 子查询

### 3.1  内连接查询

* 语法

```sql
-- 隐式内连接
SELECT 字段列表 FROM 表1,表2… WHERE 条件;

-- 显示内连接
SELECT 字段列表 FROM 表1 [INNER] JOIN 表2 ON 条件;
```

> 内连接相当于查询 A B 交集数据


* 案例

  * 隐式内连接

    ```sql
    SELECT
    	*
    FROM
    	emp,
    	dept
    WHERE
    	emp.dep_id = dept.did;
    ```
  * 查询 emp的 name， gender，dept表的dname

    ```sql
    SELECT
    	emp. NAME,
    	emp.gender,
    	dept.dname
    FROM
    	emp,
    	dept
    WHERE
    	emp.dep_id = dept.did;
    ```

    上面语句中使用表名指定字段所属有点麻烦，sql也支持给表指别名，上述语句可以改进为

    ```sql
    SELECT
    	t1. NAME,
    	t1.gender,
    	t2.dname
    FROM
    	emp t1,
    	dept t2
    WHERE
    	t1.dep_id = t2.did;
    ```

  * 显式内连接

    ```sql
    select * from emp inner join dept on emp.dep_id = dept.did;
    -- 上面语句中的inner可以省略，可以书写为如下语句
    select * from emp  join dept on emp.dep_id = dept.did;
    ```

### 3.2  外连接查询

* 语法

  ```sql
  -- 左外连接
  SELECT 字段列表 FROM 表1 LEFT [OUTER] JOIN 表2 ON 条件;
  
  -- 右外连接
  SELECT 字段列表 FROM 表1 RIGHT [OUTER] JOIN 表2 ON 条件;
  ```

  > 左外连接：相当于查询A表所有数据和交集部分数据
  > 右外连接：相当于查询B表所有数据和交集部分数据

* 案例

  * 查询emp表所有数据和对应的部门信息（左外连接）

    ```sql
    select * from emp left join dept on emp.dep_id = dept.did;
    ```

    结果显示查询到了左表（emp）中所有的数据及两张表能关联的数据。

  * 查询dept表所有数据和对应的员工信息（右外连接）

    ```sql
    select * from emp right join dept on emp.dep_id = dept.did;
    ```
    结果显示查询到了右表（dept）中所有的数据及两张表能关联的数据。

    要查询出部门表中所有的数据，也可以通过左外连接实现，只需要将两个表的位置进行互换：

    ```sql
    select * from dept left join emp on emp.dep_id = dept.did;
    ```


### 3.3  子查询

* 概念

  ==查询中嵌套查询，称嵌套查询为子查询。==

  什么是查询中嵌套查询呢？我们通过一个例子来看：

  **需求：查询工资高于猪八戒的员工信息。**

  来实现这个需求，我们就可以通过二步实现，第一步：先查询出来 猪八戒的工资

  ```sql
  select salary from emp where name = '猪八戒'
  ```

   第二步：查询工资高于猪八戒的员工信息

  ```sql
  select * from emp where salary > 3600;
  ```

  第二步中的3600可以通过第一步的sql查询出来，所以将3600用第一步的sql语句进行替换

  ```sql
  select * from emp where salary > (select salary from emp where name = '猪八戒');
  ```

  这就是查询语句中嵌套查询语句。

* 子查询根据查询结果不同，作用不同
  * 子查询语句结果是单行单列，子查询语句作为条件值，使用 =  !=  >  <  等进行条件判断
    ```sql
    SELECT 字段列表 FROM 表 WHERE 字段名=(子查询)；
    ```
  * 子查询语句结果是多行单列，子查询语句作为条件值，使用 in 等关键字进行条件判断
	   ```sql
    SELECT 字段列表 FROM 表 WHERE 字段名=(子查询)；
    ```
  * 子查询语句结果是多行多列，子查询语句作为虚拟表
	  ```sql
    SELECT 字段列表 FROM (子查询) WHERE 条件；
	```
* 案例

  * 查询 '财务部' 和 '市场部' 所有的员工信息

    ```sql
    -- 查询 '财务部' 或者 '市场部' 所有的员工的部门did
    select did from dept where dname = '财务部' or dname = '市场部';
    
    select * from emp where dep_id in (select did from dept where dname = '财务部' or dname = '市场部');
    ```

  * 查询入职日期是 '2011-11-11' 之后的员工信息和部门信息

    ```sql
    -- 查询入职日期是 '2011-11-11' 之后的员工信息
    select * from emp where join_date > '2011-11-11' ;
    -- 将上面语句的结果作为虚拟表和dept表进行内连接查询
    select * from (select * from emp where join_date > '2011-11-11' ) t1, dept where t1.dep_id = dept.did;
    ```



### 3.4  案例

* 环境准备：

```sql
DROP TABLE IF EXISTS emp;
DROP TABLE IF EXISTS dept;
DROP TABLE IF EXISTS job;
DROP TABLE IF EXISTS salarygrade;

-- 部门表
CREATE TABLE dept (
  did INT PRIMARY KEY PRIMARY KEY, -- 部门id
  dname VARCHAR(50), -- 部门名称
  loc VARCHAR(50) -- 部门所在地
);

-- 职务表，职务名称，职务描述
CREATE TABLE job (
  id INT PRIMARY KEY,
  jname VARCHAR(20),
  description VARCHAR(50)
);

-- 员工表
CREATE TABLE emp (
  id INT PRIMARY KEY, -- 员工id
  ename VARCHAR(50), -- 员工姓名
  job_id INT, -- 职务id
  mgr INT , -- 上级领导
  joindate DATE, -- 入职日期
  salary DECIMAL(7,2), -- 工资
  bonus DECIMAL(7,2), -- 奖金
  dept_id INT, -- 所在部门编号
  CONSTRAINT emp_jobid_ref_job_id_fk FOREIGN KEY (job_id) REFERENCES job (id),
  CONSTRAINT emp_deptid_ref_dept_id_fk FOREIGN KEY (dept_id) REFERENCES dept (id)
);
-- 工资等级表
CREATE TABLE salarygrade (
  grade INT PRIMARY KEY,   -- 级别
  losalary INT,  -- 最低工资
  hisalary INT -- 最高工资
);
				
-- 添加4个部门
INSERT INTO dept(did,dname,loc) VALUES 
(10,'教研部','北京'),
(20,'学工部','上海'),
(30,'销售部','广州'),
(40,'财务部','深圳');

-- 添加4个职务
INSERT INTO job (id, jname, description) VALUES
(1, '董事长', '管理整个公司，接单'),
(2, '经理', '管理部门员工'),
(3, '销售员', '向客人推销产品'),
(4, '文员', '使用办公软件');


-- 添加员工
INSERT INTO emp(id,ename,job_id,mgr,joindate,salary,bonus,dept_id) VALUES 
(1001,'孙悟空',4,1004,'2000-12-17','8000.00',NULL,20),
(1002,'卢俊义',3,1006,'2001-02-20','16000.00','3000.00',30),
(1003,'林冲',3,1006,'2001-02-22','12500.00','5000.00',30),
(1004,'唐僧',2,1009,'2001-04-02','29750.00',NULL,20),
(1005,'李逵',4,1006,'2001-09-28','12500.00','14000.00',30),
(1006,'宋江',2,1009,'2001-05-01','28500.00',NULL,30),
(1007,'刘备',2,1009,'2001-09-01','24500.00',NULL,10),
(1008,'猪八戒',4,1004,'2007-04-19','30000.00',NULL,20),
(1009,'罗贯中',1,NULL,'2001-11-17','50000.00',NULL,10),
(1010,'吴用',3,1006,'2001-09-08','15000.00','0.00',30),
(1011,'沙僧',4,1004,'2007-05-23','11000.00',NULL,20),
(1012,'李逵',4,1006,'2001-12-03','9500.00',NULL,30),
(1013,'小白龙',4,1004,'2001-12-03','30000.00',NULL,20),
(1014,'关羽',4,1007,'2002-01-23','13000.00',NULL,10);


-- 添加5个工资等级
INSERT INTO salarygrade(grade,losalary,hisalary) VALUES 
(1,7000,12000),
(2,12010,14000),
(3,14010,20000),
(4,20010,30000),
(5,30010,99990);
```

* 需求

  1. 查询所有员工信息。查询员工编号，员工姓名，工资，职务名称，职务描述

     ```sql
     /*
     	分析：
     		1. 员工编号，员工姓名，工资 信息在emp 员工表中
     		2. 职务名称，职务描述 信息在 job 职务表中
     		3. job 职务表 和 emp 员工表 是 一对多的关系 emp.job_id = job.id
     */
     -- 方式一 ：隐式内连接
     SELECT
     	emp.id,
     	emp.ename,
     	emp.salary,
     	job.jname,
     	job.description
     FROM
     	emp,
     	job
     WHERE
     	emp.job_id = job.id;
     
     -- 方式二 ：显式内连接
     SELECT
     	emp.id,
     	emp.ename,
     	emp.salary,
     	job.jname,
     	job.description
     FROM
     	emp
     INNER JOIN job ON emp.job_id = job.id;
     ```

  2. 查询员工编号，员工姓名，工资，职务名称，职务描述，部门名称，部门位置

     ```sql
     /*
     	分析：
     		1. 员工编号，员工姓名，工资 信息在emp 员工表中
     		2. 职务名称，职务描述 信息在 job 职务表中
     		3. job 职务表 和 emp 员工表 是 一对多的关系 emp.job_id = job.id
     
     		4. 部门名称，部门位置 来自于 部门表 dept
     		5. dept 和 emp 一对多关系 dept.id = emp.dept_id
     */
     
     -- 方式一 ：隐式内连接
     SELECT
     	emp.id,
     	emp.ename,
     	emp.salary,
     	job.jname,
     	job.description,
     	dept.dname,
     	dept.loc
     FROM
     	emp,
     	job,
     	dept
     WHERE
     	emp.job_id = job.id
     	and dept.id = emp.dept_id
     ;
     
     -- 方式二 ：显式内连接
     SELECT
     	emp.id,
     	emp.ename,
     	emp.salary,
     	job.jname,
     	job.description,
     	dept.dname,
     	dept.loc
     FROM
     	emp
     INNER JOIN job ON emp.job_id = job.id
     INNER JOIN dept ON dept.id = emp.dept_id
     ```

  3. 查询员工姓名，工资，工资等级

     ```sql
     /*
     	分析：
     		1. 员工姓名，工资 信息在emp 员工表中
     		2. 工资等级 信息在 salarygrade 工资等级表中
     		3. emp.salary >= salarygrade.losalary  and emp.salary <= salarygrade.hisalary
     */
     SELECT
     	emp.ename,
     	emp.salary,
     	t2.*
     FROM
     	emp,
     	salarygrade t2
     WHERE
     	emp.salary >= t2.losalary
     AND emp.salary <= t2.hisalary
     ```

  4. 查询员工姓名，工资，职务名称，职务描述，部门名称，部门位置，工资等级

     ```sql
     /*
     	分析：
     		1. 员工编号，员工姓名，工资 信息在emp 员工表中
     		2. 职务名称，职务描述 信息在 job 职务表中
     		3. job 职务表 和 emp 员工表 是 一对多的关系 emp.job_id = job.id
     
     		4. 部门名称，部门位置 来自于 部门表 dept
     		5. dept 和 emp 一对多关系 dept.id = emp.dept_id
     		6. 工资等级 信息在 salarygrade 工资等级表中
     		7. emp.salary >= salarygrade.losalary  and emp.salary <= salarygrade.hisalary
     */
     SELECT
     	emp.id,
     	emp.ename,
     	emp.salary,
     	job.jname,
     	job.description,
     	dept.dname,
     	dept.loc,
     	t2.grade
     FROM
     	emp
     INNER JOIN job ON emp.job_id = job.id
     INNER JOIN dept ON dept.id = emp.dept_id
     INNER JOIN salarygrade t2 ON emp.salary BETWEEN t2.losalary and t2.hisalary;
     ```

  5. 查询出部门编号、部门名称、部门位置、部门人数

     ```sql
     /*
     	分析：
     		1. 部门编号、部门名称、部门位置 来自于部门 dept 表
     		2. 部门人数: 在emp表中 按照dept_id 进行分组，然后count(*)统计数量
     		3. 使用子查询，让部门表和分组后的表进行内连接
     */
     -- 根据部门id分组查询每一个部门id和员工数
     select dept_id, count(*) from emp group by dept_id;
     
     SELECT
     	dept.id,
     	dept.dname,
     	dept.loc,
     	t1.count
     FROM
     	dept,
     	(
     		SELECT
     			dept_id,
     			count(*) count
     		FROM
     			emp
     		GROUP BY
     			dept_id
     	) t1
     WHERE
     	dept.id = t1.dept_id
     ```

     

## 4.事务

### 4.1  概述

> 数据库的事务（Transaction）是一种机制、一个操作序列，包含了==一组数据库操作命令==。
>
> 事务把所有的命令作为一个整体一起向系统提交或撤销操作请求，即这一组数据库命令==要么同时成功，要么同时失败==。
>
> 事务是一个不可分割的工作逻辑单元。

这些概念不好理解，接下来举例说明：

张三和李四账户中各有100块钱，现李四需要转换500块钱给张三，具体的转账操作为

* 第一步：查询李四账户余额
* 第二步：从李四账户金额 -500
* 第三步：给张三账户金额 +500

现在假设在转账过程中第二步完成后出现了异常第三步没有执行，就会造成李四账户金额少了500，而张三金额并没有多500；这样的系统是有问题的。如果解决呢？使用事务可以解决上述问题。

### 4.2  语法
```sql
--开启事务
START TRANSACTION;
或者 BEGIN;
-- 提交事务
commit;
--回滚事务
rollback;
```

  

### 4.3  代码验证

* 环境准备

  ```sql
  DROP TABLE IF EXISTS account;
  
  -- 创建账户表
  CREATE TABLE account(
  	id int PRIMARY KEY auto_increment,
  	name varchar(10),
  	money double(10,2)
  );
  
  -- 添加数据
  INSERT INTO account(name,money) values('张三',1000),('李四',1000);
  ```

  

* 不加事务演示问题

  ```sql
  -- 转账操作
  -- 1. 查询李四账户金额是否大于500
  
  -- 2. 李四账户 -500
  UPDATE account set money = money - 500 where name = '李四';
  
  出现异常了...  -- 此处不是注释，在整体执行时会出问题，后面的sql则不执行
  -- 3. 张三账户 +500
  UPDATE account set money = money + 500 where name = '张三';
  ```

  整体执行结果肯定会出问题，我们查询账户表中数据，发现李四账户少了500。

* 添加事务sql如下：

  ```sql
  -- 开启事务
  BEGIN;
  -- 转账操作
  -- 1. 查询李四账户金额是否大于500
  
  -- 2. 李四账户 -500
  UPDATE account set money = money - 500 where name = '李四';
  
  出现异常了...  -- 此处不是注释，在整体执行时会出问题，后面的sql则不执行
  -- 3. 张三账户 +500
  UPDATE account set money = money + 500 where name = '张三';
  
  -- 提交事务
  COMMIT;
  
  -- 回滚事务
  ROLLBACK;
  ```

  上面sql中的执行成功进选择执行提交事务，而出现问题则执行回滚事务的语句。以后我们肯定不可能这样操作，而是在java中进行操作，在java中可以抓取异常，没出现异常提交事务，出现异常回滚事务。

### 4.4  事务的四大特征

* 原子性（Atomicity）: 事务是不可分割的最小操作单位，要么同时成功，要么同时失败

* 一致性（Consistency） :事务完成时，必须使所有的数据都保持一致状态

* 隔离性（Isolation） :多个事务之间，操作的可见性

* 持久性（Durability） :事务一旦提交或回滚，它对数据库中的数据的改变就是永久的

> ==说明：==
> mysql中事务是自动提交的。
>
> 也就是说我们不添加事务执行sql语句，语句执行完毕会自动的提交事务。
>
> 可以通过下面语句查询默认提交方式：
>
> ```java
> SELECT @@autocommit;
> ```
>
> 查询到的结果是1 则表示自动提交，结果是0表示手动提交。当然也可以通过下面语句修改提交方式
>
> ```sql
> set @@autocommit = 0;
> ```
> 
> oracle默认是手动提交

